Testing MangaKatana Scraper directly...

--- Searching: "The Regressed Mercenary" ---
Found 1 results.
First Result: {
  "id": "the-regressed-mercenarys-machinations.27420",
  "title": "The Regressed Mercenary's Machinations",
  "url": "https://mangakatana.com/manga/the-regressed-mercenarys-machinations.27420",
  "thumbnail": "https://mangakatana.com/imgs/cover/09c/26/fd255-l.jpg",
  "source": "mangakatana"
}

--- Searching: "The Regressed Mercenary's Machinations" ---
Found 0 results.

--- Searching: "The Regressed Mercenary Machinations" ---
Found 0 results.

--- Searching: "The Regressed Mercenarys Machinations" ---
Found 1 results.
First Result: {
  "id": "the-regressed-mercenarys-machinations.27420",
  "title": "The Regressed Mercenary's Machinations",
  "url": "https://mangakatana.com/manga/the-regressed-mercenarys-machinations.27420",
  "thumbnail": "https://mangakatana.com/imgs/cover/09c/26/fd255-l.jpg",
  "source": "mangakatana"
}
